Category: , Name: CCTV-1, Total: 6, Valid: 6, Valid Percent: 100.00%, Whitelist: 0, IPv4: 5, IPv6: 1, Min Delay: 78 ms, Max Speed: 59.29 M/s, Avg Speed: 17.03 M/s, Max Resolution: 1920x1080
Category: , Name: CCTV-2, Total: 2, Valid: 2, Valid Percent: 100.00%, Whitelist: 0, IPv4: 2, IPv6: 0, Min Delay: 52 ms, Max Speed: 96.17 M/s, Avg Speed: 48.44 M/s, Max Resolution: 1920x1080
Category: , Name: CCTV-3, Total: 2, Valid: 2, Valid Percent: 100.00%, Whitelist: 0, IPv4: 2, IPv6: 0, Min Delay: 412 ms, Max Speed: 1.62 M/s, Avg Speed: 0.83 M/s, Max Resolution: 1920x1080
Category: , Name: CCTV-4, Total: 6, Valid: 6, Valid Percent: 100.00%, Whitelist: 0, IPv4: 6, IPv6: 0, Min Delay: 70 ms, Max Speed: 77.70 M/s, Avg Speed: 24.75 M/s, Max Resolution: 1920x1080
Category: , Name: CCTV-5, Total: 5, Valid: 5, Valid Percent: 100.00%, Whitelist: 0, IPv4: 5, IPv6: 0, Min Delay: 48 ms, Max Speed: 102.80 M/s, Avg Speed: 35.67 M/s, Max Resolution: 1920x1080
Category: , Name: CCTV-6, Total: 2, Valid: 2, Valid Percent: 100.00%, Whitelist: 0, IPv4: 2, IPv6: 0, Min Delay: 445 ms, Max Speed: 1.43 M/s, Avg Speed: 0.72 M/s, Max Resolution: 1920x1080
Category: , Name: CCTV-7, Total: 1, Valid: 1, Valid Percent: 100.00%, Whitelist: 0, IPv4: 1, IPv6: 0, Min Delay: 440 ms, Max Speed: 0.02 M/s, Avg Speed: 0.02 M/s, Max Resolution: 1920x1080
Category: , Name: CCTV-8, Total: 9, Valid: 9, Valid Percent: 100.00%, Whitelist: 0, IPv4: 9, IPv6: 0, Min Delay: 65 ms, Max Speed: 83.86 M/s, Avg Speed: 12.01 M/s, Max Resolution: 1920x1080
Category: , Name: CCTV-9, Total: 7, Valid: 7, Valid Percent: 100.00%, Whitelist: 0, IPv4: 7, IPv6: 0, Min Delay: 45 ms, Max Speed: 102.61 M/s, Avg Speed: 70.52 M/s, Max Resolution: 1920x1080
Category: , Name: CCTV-10, Total: 1, Valid: 1, Valid Percent: 100.00%, Whitelist: 0, IPv4: 1, IPv6: 0, Min Delay: 3072 ms, Max Speed: 0.39 M/s, Avg Speed: 0.39 M/s, Max Resolution: 1920x1080
Category: , Name: CCTV-11, Total: 2, Valid: 2, Valid Percent: 100.00%, Whitelist: 0, IPv4: 2, IPv6: 0, Min Delay: 417 ms, Max Speed: 6.57 M/s, Avg Speed: 4.21 M/s, Max Resolution: 1920x1080
Category: , Name: CCTV-12, Total: 4, Valid: 4, Valid Percent: 100.00%, Whitelist: 0, IPv4: 4, IPv6: 0, Min Delay: 217 ms, Max Speed: 4.64 M/s, Avg Speed: 3.02 M/s, Max Resolution: 1920x1080
Category: , Name: CCTV-13, Total: 3, Valid: 3, Valid Percent: 100.00%, Whitelist: 0, IPv4: 1, IPv6: 2, Min Delay: 2299 ms, Max Speed: 1.12 M/s, Avg Speed: 0.71 M/s, Max Resolution: 1920x1080
Category: , Name: CCTV-14, Total: 1, Valid: 1, Valid Percent: 100.00%, Whitelist: 0, IPv4: 0, IPv6: 1, Min Delay: 2825 ms, Max Speed: 1.06 M/s, Avg Speed: 1.06 M/s, Max Resolution: 1920x1080
Category: , Name: CCTV-15, Total: 1, Valid: 1, Valid Percent: 100.00%, Whitelist: 0, IPv4: 1, IPv6: 0, Min Delay: 2915 ms, Max Speed: 1.76 M/s, Avg Speed: 1.76 M/s, Max Resolution: 1920x1080
Category: , Name: CCTV-16, Total: 1, Valid: 1, Valid Percent: 100.00%, Whitelist: 0, IPv4: 1, IPv6: 0, Min Delay: 810 ms, Max Speed: 5.79 M/s, Avg Speed: 5.79 M/s, Max Resolution: 1920x1080
Category: , Name: CCTV-17, Total: 1, Valid: 1, Valid Percent: 100.00%, Whitelist: 0, IPv4: 1, IPv6: 0, Min Delay: 404 ms, Max Speed: 0.02 M/s, Avg Speed: 0.02 M/s, Max Resolution: 1920x1080
Category: , Name: CETV-1, Total: 4, Valid: 4, Valid Percent: 100.00%, Whitelist: 0, IPv4: 4, IPv6: 0, Min Delay: 366 ms, Max Speed: 13.99 M/s, Avg Speed: 7.67 M/s, Max Resolution: 1920x1080
Category: , Name: CETV-2, Total: 1, Valid: 1, Valid Percent: 100.00%, Whitelist: 0, IPv4: 1, IPv6: 0, Min Delay: 1025 ms, Max Speed: 0.22 M/s, Avg Speed: 0.22 M/s, Max Resolution: 1920x1080
Category: , Name: CETV-3, Total: 7, Valid: 6, Valid Percent: 85.71%, Whitelist: 0, IPv4: 7, IPv6: 0, Min Delay: 292 ms, Max Speed: 8.99 M/s, Avg Speed: 7.82 M/s, Max Resolution: 1280x720
Category: , Name: CETV-4, Total: 1, Valid: 1, Valid Percent: 100.00%, Whitelist: 0, IPv4: 1, IPv6: 0, Min Delay: 289 ms, Max Speed: 6.73 M/s, Avg Speed: 6.73 M/s, Max Resolution: 1920x1080
Category: , Name: 广东卫视, Total: 1, Valid: 1, Valid Percent: 100.00%, Whitelist: 0, IPv4: 1, IPv6: 0, Min Delay: 75 ms, Max Speed: 1.36 M/s, Avg Speed: 1.36 M/s, Max Resolution: None
Category: , Name: 香港卫视, Total: 2, Valid: 1, Valid Percent: 50.00%, Whitelist: 0, IPv4: 2, IPv6: 0, Min Delay: 25 ms, Max Speed: 3.35 M/s, Avg Speed: 3.35 M/s, Max Resolution: 19x24
Category: , Name: 浙江卫视, Total: 1, Valid: 1, Valid Percent: 100.00%, Whitelist: 0, IPv4: 1, IPv6: 0, Min Delay: 407 ms, Max Speed: 0.00 M/s, Avg Speed: 0.00 M/s, Max Resolution: None
Category: , Name: 湖南卫视, Total: 2, Valid: 2, Valid Percent: 100.00%, Whitelist: 0, IPv4: 2, IPv6: 0, Min Delay: 67 ms, Max Speed: 1.41 M/s, Avg Speed: 0.72 M/s, Max Resolution: 1920x1080
Category: , Name: 北京卫视, Total: 1, Valid: 1, Valid Percent: 100.00%, Whitelist: 0, IPv4: 1, IPv6: 0, Min Delay: 71 ms, Max Speed: 1.44 M/s, Avg Speed: 1.44 M/s, Max Resolution: None
Category: , Name: 湖北卫视, Total: 1, Valid: 1, Valid Percent: 100.00%, Whitelist: 0, IPv4: 1, IPv6: 0, Min Delay: 75 ms, Max Speed: 1.36 M/s, Avg Speed: 1.36 M/s, Max Resolution: None
Category: , Name: 黑龙江卫视, Total: 8, Valid: 8, Valid Percent: 100.00%, Whitelist: 0, IPv4: 8, IPv6: 0, Min Delay: 45 ms, Max Speed: 109.89 M/s, Avg Speed: 71.47 M/s, Max Resolution: 1920x1080
Category: , Name: 安徽卫视, Total: 1, Valid: 1, Valid Percent: 100.00%, Whitelist: 0, IPv4: 1, IPv6: 0, Min Delay: 454 ms, Max Speed: 0.02 M/s, Avg Speed: 0.02 M/s, Max Resolution: 1920x1080
Category: , Name: 重庆卫视, Total: 1, Valid: 1, Valid Percent: 100.00%, Whitelist: 0, IPv4: 1, IPv6: 0, Min Delay: 72 ms, Max Speed: 1.40 M/s, Avg Speed: 1.40 M/s, Max Resolution: None
Category: , Name: 东方卫视, Total: 5, Valid: 5, Valid Percent: 100.00%, Whitelist: 0, IPv4: 5, IPv6: 0, Min Delay: 62 ms, Max Speed: 87.54 M/s, Avg Speed: 45.72 M/s, Max Resolution: 1920x1080
Category: , Name: 东南卫视, Total: 3, Valid: 3, Valid Percent: 100.00%, Whitelist: 0, IPv4: 2, IPv6: 1, Min Delay: 72 ms, Max Speed: 1.39 M/s, Avg Speed: 0.55 M/s, Max Resolution: 1920x1080
Category: , Name: 广西卫视, Total: 1, Valid: 1, Valid Percent: 100.00%, Whitelist: 0, IPv4: 0, IPv6: 1, Min Delay: 1332 ms, Max Speed: 1.13 M/s, Avg Speed: 1.13 M/s, Max Resolution: 1920x1080
Category: , Name: 贵州卫视, Total: 2, Valid: 2, Valid Percent: 100.00%, Whitelist: 0, IPv4: 2, IPv6: 0, Min Delay: 73 ms, Max Speed: 1.35 M/s, Avg Speed: 0.70 M/s, Max Resolution: 1920x1080
Category: , Name: 海南卫视, Total: 1, Valid: 1, Valid Percent: 100.00%, Whitelist: 0, IPv4: 1, IPv6: 0, Min Delay: 66 ms, Max Speed: 1.43 M/s, Avg Speed: 1.43 M/s, Max Resolution: None
Category: , Name: 河北卫视, Total: 1, Valid: 1, Valid Percent: 100.00%, Whitelist: 0, IPv4: 1, IPv6: 0, Min Delay: 65 ms, Max Speed: 1.51 M/s, Avg Speed: 1.51 M/s, Max Resolution: None
Category: , Name: 河南卫视, Total: 1, Valid: 1, Valid Percent: 100.00%, Whitelist: 0, IPv4: 1, IPv6: 0, Min Delay: 73 ms, Max Speed: 1.35 M/s, Avg Speed: 1.35 M/s, Max Resolution: None
Category: , Name: 吉林卫视, Total: 1, Valid: 1, Valid Percent: 100.00%, Whitelist: 0, IPv4: 1, IPv6: 0, Min Delay: 557 ms, Max Speed: 0.08 M/s, Avg Speed: 0.08 M/s, Max Resolution: 1920x1080
Category: , Name: 江苏卫视, Total: 1, Valid: 1, Valid Percent: 100.00%, Whitelist: 0, IPv4: 1, IPv6: 0, Min Delay: 368 ms, Max Speed: 12.18 M/s, Avg Speed: 12.18 M/s, Max Resolution: 1920x1080
Category: , Name: 江西卫视, Total: 9, Valid: 9, Valid Percent: 100.00%, Whitelist: 0, IPv4: 9, IPv6: 0, Min Delay: 44 ms, Max Speed: 119.04 M/s, Avg Speed: 71.96 M/s, Max Resolution: 1920x1080
Category: , Name: 辽宁卫视, Total: 4, Valid: 4, Valid Percent: 100.00%, Whitelist: 0, IPv4: 4, IPv6: 0, Min Delay: 498 ms, Max Speed: 10.27 M/s, Avg Speed: 7.29 M/s, Max Resolution: 1920x1080
Category: , Name: 内蒙古卫视, Total: 2, Valid: 2, Valid Percent: 100.00%, Whitelist: 0, IPv4: 2, IPv6: 0, Min Delay: 73 ms, Max Speed: 1.38 M/s, Avg Speed: 1.16 M/s, Max Resolution: 1920x1080
Category: , Name: 宁夏卫视, Total: 1, Valid: 1, Valid Percent: 100.00%, Whitelist: 0, IPv4: 1, IPv6: 0, Min Delay: 64 ms, Max Speed: 1.37 M/s, Avg Speed: 1.37 M/s, Max Resolution: None
Category: , Name: 青海卫视, Total: 2, Valid: 2, Valid Percent: 100.00%, Whitelist: 0, IPv4: 1, IPv6: 1, Min Delay: 65 ms, Max Speed: 3.09 M/s, Avg Speed: 2.26 M/s, Max Resolution: 1920x1080
Category: , Name: 山东卫视, Total: 2, Valid: 2, Valid Percent: 100.00%, Whitelist: 0, IPv4: 2, IPv6: 0, Min Delay: 65 ms, Max Speed: 1.46 M/s, Avg Speed: 0.83 M/s, Max Resolution: 1920x1080
Category: , Name: 山西卫视, Total: 1, Valid: 1, Valid Percent: 100.00%, Whitelist: 0, IPv4: 1, IPv6: 0, Min Delay: 75 ms, Max Speed: 1.35 M/s, Avg Speed: 1.35 M/s, Max Resolution: None
Category: , Name: 陕西卫视, Total: 6, Valid: 6, Valid Percent: 100.00%, Whitelist: 0, IPv4: 6, IPv6: 0, Min Delay: 44 ms, Max Speed: 116.31 M/s, Avg Speed: 72.04 M/s, Max Resolution: 1920x1080
Category: , Name: 四川卫视, Total: 7, Valid: 7, Valid Percent: 100.00%, Whitelist: 0, IPv4: 7, IPv6: 0, Min Delay: 48 ms, Max Speed: 97.53 M/s, Avg Speed: 53.32 M/s, Max Resolution: 3840x2160
Category: , Name: 深圳卫视, Total: 1, Valid: 1, Valid Percent: 100.00%, Whitelist: 0, IPv4: 1, IPv6: 0, Min Delay: 64 ms, Max Speed: 1.42 M/s, Avg Speed: 1.42 M/s, Max Resolution: None
Category: , Name: 三沙卫视, Total: 3, Valid: 3, Valid Percent: 100.00%, Whitelist: 0, IPv4: 3, IPv6: 0, Min Delay: 52 ms, Max Speed: 104.96 M/s, Avg Speed: 70.11 M/s, Max Resolution: 1920x1080
Category: , Name: 天津卫视, Total: 6, Valid: 6, Valid Percent: 100.00%, Whitelist: 0, IPv4: 6, IPv6: 0, Min Delay: 56 ms, Max Speed: 87.84 M/s, Avg Speed: 59.56 M/s, Max Resolution: 1920x1080
Category: , Name: 西藏卫视, Total: 8, Valid: 8, Valid Percent: 100.00%, Whitelist: 0, IPv4: 7, IPv6: 1, Min Delay: 40 ms, Max Speed: 122.45 M/s, Avg Speed: 52.19 M/s, Max Resolution: 1920x1080
Category: , Name: 新疆卫视, Total: 1, Valid: 1, Valid Percent: 100.00%, Whitelist: 0, IPv4: 1, IPv6: 0, Min Delay: 70 ms, Max Speed: 1.39 M/s, Avg Speed: 1.39 M/s, Max Resolution: None
Category: , Name: 文化精品, Total: 2, Valid: 2, Valid Percent: 100.00%, Whitelist: 0, IPv4: 2, IPv6: 0, Min Delay: 48 ms, Max Speed: 105.05 M/s, Avg Speed: 99.13 M/s, Max Resolution: 1920x1080
Category: , Name: 央视台球, Total: 3, Valid: 3, Valid Percent: 100.00%, Whitelist: 0, IPv4: 3, IPv6: 0, Min Delay: 622 ms, Max Speed: 7.79 M/s, Avg Speed: 4.76 M/s, Max Resolution: 1920x1080
Category: , Name: 风云音乐, Total: 2, Valid: 2, Valid Percent: 100.00%, Whitelist: 0, IPv4: 2, IPv6: 0, Min Delay: 523 ms, Max Speed: 8.80 M/s, Avg Speed: 8.55 M/s, Max Resolution: 1920x1080
Category: , Name: 第一剧场, Total: 2, Valid: 2, Valid Percent: 100.00%, Whitelist: 0, IPv4: 2, IPv6: 0, Min Delay: 562 ms, Max Speed: 8.41 M/s, Avg Speed: 4.28 M/s, Max Resolution: 1920x1080
Category: , Name: 风云剧场, Total: 5, Valid: 5, Valid Percent: 100.00%, Whitelist: 0, IPv4: 5, IPv6: 0, Min Delay: 49 ms, Max Speed: 104.00 M/s, Avg Speed: 37.81 M/s, Max Resolution: 1920x1080
Category: , Name: 怀旧剧场, Total: 3, Valid: 3, Valid Percent: 100.00%, Whitelist: 0, IPv4: 3, IPv6: 0, Min Delay: 53 ms, Max Speed: 90.38 M/s, Avg Speed: 54.28 M/s, Max Resolution: 1920x1080
Category: , Name: 女性时尚, Total: 5, Valid: 5, Valid Percent: 100.00%, Whitelist: 0, IPv4: 5, IPv6: 0, Min Delay: 52 ms, Max Speed: 98.01 M/s, Avg Speed: 40.63 M/s, Max Resolution: 1920x1080
Category: , Name: 高尔夫网球, Total: 1, Valid: 1, Valid Percent: 100.00%, Whitelist: 0, IPv4: 1, IPv6: 0, Min Delay: 416 ms, Max Speed: 9.76 M/s, Avg Speed: 9.76 M/s, Max Resolution: 1920x1080
Category: , Name: 风云足球, Total: 1, Valid: 1, Valid Percent: 100.00%, Whitelist: 0, IPv4: 1, IPv6: 0, Min Delay: 366 ms, Max Speed: 11.51 M/s, Avg Speed: 11.51 M/s, Max Resolution: 1920x1080
Category: , Name: 电视指南, Total: 1, Valid: 1, Valid Percent: 100.00%, Whitelist: 0, IPv4: 1, IPv6: 0, Min Delay: 332 ms, Max Speed: 11.97 M/s, Avg Speed: 11.97 M/s, Max Resolution: 1920x1080
Category: , Name: 世界地理, Total: 1, Valid: 1, Valid Percent: 100.00%, Whitelist: 0, IPv4: 1, IPv6: 0, Min Delay: 642 ms, Max Speed: 5.72 M/s, Avg Speed: 5.72 M/s, Max Resolution: 1920x1080
Category: , Name: 兵器科技, Total: 2, Valid: 2, Valid Percent: 100.00%, Whitelist: 0, IPv4: 2, IPv6: 0, Min Delay: 418 ms, Max Speed: 11.97 M/s, Avg Speed: 6.25 M/s, Max Resolution: 1920x1080
Category: , Name: CHC家庭影院, Total: 1, Valid: 1, Valid Percent: 100.00%, Whitelist: 0, IPv4: 1, IPv6: 0, Min Delay: 52 ms, Max Speed: 95.41 M/s, Avg Speed: 95.41 M/s, Max Resolution: 1920x1080
Category: , Name: CHC动作电影, Total: 1, Valid: 1, Valid Percent: 100.00%, Whitelist: 0, IPv4: 1, IPv6: 0, Min Delay: 75 ms, Max Speed: 66.30 M/s, Avg Speed: 66.30 M/s, Max Resolution: 1920x1080
Category: , Name: CHC高清电影, Total: 5, Valid: 2, Valid Percent: 40.00%, Whitelist: 0, IPv4: 5, IPv6: 0, Min Delay: 10004 ms, Max Speed: 0.09 M/s, Avg Speed: 0.08 M/s, Max Resolution: 1920x1080
Category: , Name: 动漫秀场, Total: 11, Valid: 3, Valid Percent: 27.27%, Whitelist: 0, IPv4: 11, IPv6: 0, Min Delay: 10002 ms, Max Speed: 0.12 M/s, Avg Speed: 0.08 M/s, Max Resolution: 1920x1080
Category: , Name: 游戏风云, Total: 1, Valid: 1, Valid Percent: 100.00%, Whitelist: 0, IPv4: 1, IPv6: 0, Min Delay: 250 ms, Max Speed: 6.95 M/s, Avg Speed: 6.95 M/s, Max Resolution: 1920x1080
